<html>
<body>
<pre>
<h1>µVision Build Log</h1>
<h2>Tool Versions:</h2>
IDE-Version: ¦ÌVision V5.32.0.0
Copyright (C) 2020 ARM Ltd and ARM Germany GmbH. All rights reserved.
License Information: a AYUAN, HP Inc., LIC=VGXG8-36WXN-9U14U-SB30D-JNC0M-4WA9T
 
Tool Versions:
Toolchain:       MDK-ARM Plus  Version: 5.32.0.0
Toolchain Path:  D:\keil5stm32\install532\ARM\ARMCC\Bin
C Compiler:      Armcc.exe V5.06 update 7 (build 960)
Assembler:       Armasm.exe V5.06 update 7 (build 960)
Linker/Locator:  ArmLink.exe V5.06 update 7 (build 960)
Library Manager: ArmAr.exe V5.06 update 7 (build 960)
Hex Converter:   FromElf.exe V5.06 update 7 (build 960)
CPU DLL:         SARMCM3.DLL V5.32.0.0
Dialog DLL:      DCM.DLL V1.17.3.0
Target DLL:      STLink\ST-LINKIII-KEIL_SWO.dll V3.0.8.0
Dialog DLL:      TCM.DLL V1.46.0.0
 
<h2>Project:</h2>
D:\stm32cube\Exp4_SHT30_SK4310E_dwk_srr@20230720\Exp4_SHT30_SK4310E\MDK-ARM\Exp4_SHT30_SK4310E.uvprojx
Project File Date:  07/22/2023

<h2>Output:</h2>
*** Using Compiler 'V5.06 update 7 (build 960)', folder: 'D:\keil5stm32\install532\ARM\ARMCC\Bin'
Rebuild target 'Exp4_SHT30_SK4310E'
Note: source file '..\Mylib\sht30_config.c' - object file renamed from '.\Exp4_SHT30_SK4310E\sht30_config.o' to '.\Exp4_SHT30_SK4310E\sht30_config_1.o'.
assembling startup_stm32l431xx.s...
compiling i2c.c...
compiling stm32l4xx_hal_rcc_ex.c...
compiling stm32l4xx_it.c...
compiling stm32l4xx_hal_flash.c...
compiling main.c...
compiling stm32l4xx_hal_dma.c...
compiling stm32l4xx_hal_i2c.c...
compiling gpio.c...
compiling stm32l4xx_hal_rcc.c...
compiling stm32l4xx_hal_flash_ex.c...
compiling usart.c...
compiling stm32l4xx_hal.c...
compiling stm32l4xx_hal_cortex.c...
compiling stm32l4xx_hal_msp.c...
compiling stm32l4xx_hal_uart_ex.c...
compiling stm32l4xx_hal_tim.c...
compiling stm32l4xx_hal_tim_ex.c...
compiling stm32l4xx_hal_i2c_ex.c...
compiling stm32l4xx_hal_pwr.c...
compiling stm32l4xx_hal_flash_ramfunc.c...
compiling stm32l4xx_hal_gpio.c...
compiling stm32l4xx_hal_dma_ex.c...
compiling system_stm32l4xx.c...
compiling sht30_config.c...
compiling stm32l4xx_hal_pwr_ex.c...
compiling stm32l4xx_hal_exti.c...
compiling stm32l4xx_hal_uart.c...
linking...
Program Size: Code=12292 RO-data=500 RW-data=40 ZI-data=1240  
FromELF: creating hex file...
".\Exp4_SHT30_SK4310E\Exp4_SHT30_SK4310E.axf" - 0 Error(s), 0 Warning(s).

<h2>Software Packages used:</h2>

Package Vendor: Keil
                https://www.keil.com/pack/Keil.STM32L4xx_DFP.2.6.2.pack
                Keil.STM32L4xx_DFP.2.6.2
                STMicroelectronics STM32L4 Series Device Support, Drivers and Examples

<h2>Collection of Component include folders:</h2>
  D:\keil5stm32\install532\Keil\STM32L4xx_DFP\2.6.2\Drivers\CMSIS\Device\ST\STM32L4xx\Include

<h2>Collection of Component Files used:</h2>
Build Time Elapsed:  00:00:13
</pre>
</body>
</html>
